ImportError while loading conftest '/Users/shubhamgodha/Documents/Github Repos/Antonia/Assginement Code/tests/conftest.py'.
tests/conftest.py:12: in <module>
    from app.main import app, create_app
E   ModuleNotFoundError: No module named 'app'
